[backblue.gif]
[fade.gif]
[index.html]
[vdz.instruktori.cz/favicon.ico]
[vdz.instruktori.cz/img/header_upper.png]
[vdz.instruktori.cz/img/header_lower.png]
[vdz.instruktori.cz/img/header_replacement.jpg]
[vdz.instruktori.cz/img/header_replacement_transparent.png]
[vdz.instruktori.cz/img/empty_left_space.png]
[vdz.instruktori.cz/img/trojka.png]
[vdz.instruktori.cz/img/koule.png]
[vdz.instruktori.cz/img/footer.png]
[vdz.instruktori.cz/js/jquery.js]
[vdz.instruktori.cz/js/jquery-ui/jquery-ui.min.js]
[vdz.instruktori.cz/js/netteForms.js]
[vdz.instruktori.cz/js/nette.ajax.js]
[vdz.instruktori.cz/js/jquery-ui/datetimepicker/timepicker.js]
[vdz.instruktori.cz/js/dateInput.js]
[vdz.instruktori.cz/bootstrap/js/bootstrap.min.js]
[vdz.instruktori.cz/index.html]
[vdz.instruktori.cz/js/main.js]
[vdz.instruktori.cz/bootstrap/img/glyphicons-halflings.png]
[vdz.instruktori.cz/bootstrap/css/bootstrap.css]
[vdz.instruktori.cz/bootstrap/css/bootstrap-responsive.css]
[vdz.instruktori.cz/js/jquery-ui/datetimepicker/timepicker.css]
[vdz.instruktori.cz/bootstrap/img/glyphicons-halflings-white.png]
[vdz.instruktori.cz/js/jquery-ui/images/animated-overlay.gif]
[vdz.instruktori.cz/js/jquery-ui/images/ui-bg_flat_75_ffffff_40x100.png]
[vdz.instruktori.cz/js/jquery-ui/images/ui-bg_highlight-soft_75_cccccc_1x100.png]
[vdz.instruktori.cz/js/jquery-ui/images/ui-bg_glass_75_e6e6e6_1x400.png]
[vdz.instruktori.cz/js/jquery-ui/images/ui-bg_glass_75_dadada_1x400.png]
[vdz.instruktori.cz/js/jquery-ui/images/ui-bg_glass_65_ffffff_1x400.png]
[vdz.instruktori.cz/js/jquery-ui/images/ui-bg_glass_55_fbf9ee_1x400.png]
[vdz.instruktori.cz/js/jquery-ui/images/ui-bg_glass_95_fef1ec_1x400.png]
[vdz.instruktori.cz/js/jquery-ui/images/ui-icons_222222_256x240.png]
[vdz.instruktori.cz/js/jquery-ui/images/ui-icons_888888_256x240.png]
[vdz.instruktori.cz/js/jquery-ui/images/ui-icons_454545_256x240.png]
[vdz.instruktori.cz/js/jquery-ui/images/ui-icons_2e83ff_256x240.png]
[vdz.instruktori.cz/js/jquery-ui/images/ui-icons_cd0a0a_256x240.png]
[vdz.instruktori.cz/js/jquery-ui/jquery-ui.min.css]
[vdz.instruktori.cz/css/dateInput.css]
[vdz.instruktori.cz/js/jquery-ui/images/ui-bg_flat_0_aaaaaa_40x100.png]
[vdz.instruktori.cz/img/footerbg.png]
[vdz.instruktori.cz/img/cross.png]
[vdz.instruktori.cz/css/custom.css]
[vdz.instruktori.cz/img/spinner.gif]
[vdz.instruktori.cz/font/fontawesome-webfont3294.eot]
[vdz.instruktori.cz/font/fontawesome-webfontd41d.eot]
[vdz.instruktori.cz/font/fontawesome-webfont3294.woff]
[vdz.instruktori.cz/css/font-awesome.min.css]
[vdz.instruktori.cz/homepage/about.html]
[vdz.instruktori.cz/homepage/game-rules.html]
[vdz.instruktori.cz/font/fontawesome-webfont3294.ttf]
[vdz.instruktori.cz/homepage/game-map.html]
[vdz.instruktori.cz/img/mapa_hry.jpg]
[vdz.instruktori.cz/img/team/verca.jpg]
[vdz.instruktori.cz/img/team/peta.jpg]
[vdz.instruktori.cz/img/team/zizal.jpg]
[vdz.instruktori.cz/img/team/matej.jpg]
[vdz.instruktori.cz/img/team/finn.jpg]
[vdz.instruktori.cz/img/team/janka.jpg]
[vdz.instruktori.cz/img/team/kaci.jpg]
[vdz.instruktori.cz/img/team/irca.jpg]
[vdz.instruktori.cz/homepage/org-team.html]
[vdz.instruktori.cz/homepage/results.html]
[vdz.instruktori.cz/img/sova.png]
[vdz.instruktori.cz/img/afterGame/image01.png]
[vdz.instruktori.cz/img/afterGame/image03.png]
[vdz.instruktori.cz/img/afterGame/image00.png]
[vdz.instruktori.cz/homepage/after-game.html]
[vdz.instruktori.cz/list-teams/index.html]
[vdz.instruktori.cz/registration/index.html]
[vdz.instruktori.cz/sign/in.html]
[vdz.instruktori.cz/img/afterGame/image02.png]
